[marketifythemes.net/wp/cavani/01/index.html]
[backblue.gif]
[fade.gif]
[index.html]
[marketifythemes.net/wp/cavani/01/wp-includes/css/dist/block-library/style.min37ad.css]
[marketifythemes.net/wp/cavani/01/wp-content/plugins/contact-form-7/includes/css/styles04dd.css]
[marketifythemes.net/wp/cavani/01/wp-content/plugins/elementor/assets/lib/eicons/css/elementor-icons.min7816.css]
[marketifythemes.net/wp/cavani/01/wp-content/plugins/elementor/assets/css/frontend-lite.min1ed5.css]
[marketifythemes.net/wp/cavani/01/feed/index.html]
[marketifythemes.net/wp/cavani/01/wp-content/uploads/elementor/css/post-7d452.css]
[marketifythemes.net/wp/cavani/01/wp-content/plugins/cavani-core/shortcode/assets/css/headline-animation4b68.css]
[marketifythemes.net/wp/cavani/01/comments/feed/index.html]
[marketifythemes.net/wp/cavani/01/wp-content/plugins/cavani-core/shortcode/assets/css/lightgallery4b68.css]
[marketifythemes.net/wp/cavani/01/wp-content/plugins/cavani-core/shortcode/assets/css/swiper4b68.css]
[marketifythemes.net/wp/cavani/01/wp-content/plugins/cavani-core/shortcode/assets/css/owl-theme-default4b68.css]
[marketifythemes.net/wp/cavani/01/wp-content/plugins/cavani-core/shortcode/assets/css/owl-carousel4b68.css]
[marketifythemes.net/wp/cavani/01/wp-content/plugins/cavani-core/shortcode/assets/css/magnific-popup4b68.css]
[marketifythemes.net/wp/cavani/01/wp-content/plugins/cavani-core/shortcode/assets/css/fontello4b68.css]
[marketifythemes.net/wp/cavani/01/wp-content/plugins/cavani-core/assets/css/style4b68.css]
[marketifythemes.net/wp/cavani/01/wp-content/uploads/elementor/css/globald452.css]
[marketifythemes.net/wp/cavani/01/wp-content/uploads/elementor/css/post-8a09b.css]
[marketifythemes.net/wp/cavani/01/wp-content/themes/cavani/framework/css/fontelloe553.css]
[marketifythemes.net/wp/cavani/01/wp-content/themes/cavani/framework/css/basee553.css]
[marketifythemes.net/wp/cavani/01/wp-content/themes/cavani/framework/css/skeletone553.css]
[marketifythemes.net/wp/cavani/01/wp-content/themes/cavani/stylee553.css]
[marketifythemes.net/wp/cavani/01/wp-content/themes/cavani/framework/css/inline0d4f.css]
[marketifythemes.net/wp/cavani/01/wp-includes/js/jquery/jquery.minaf6c.js]
[marketifythemes.net/wp/cavani/01/wp-includes/js/jquery/jquery-migrate.mind617.js]
[marketifythemes.net/wp/cavani/01/wp-content/themes/cavani/framework/js/modernizr.custome553.js]
[marketifythemes.net/wp/cavani/01/wp-content/themes/cavani/framework/js/magnific.popupe553.js]
[marketifythemes.net/wp/cavani/01/wp-json/wp/v2/pages/8.json]
[marketifythemes.net/wp/cavani/01/xmlrpc0db0.php]
[marketifythemes.net/wp/cavani/01/wp-includes/wlwmanifest.xml]
[marketifythemes.net/wp/cavani/01/wp-json/index.html]
[marketifythemes.net/wp/cavani/01/wp-json/oembed/1.0/embedabe0.json]
[marketifythemes.net/wp/cavani/01/wp-json/oembed/1.0/embed5b86]
[marketifythemes.net/wp/cavani/01/wp-content/themes/cavani/framework/svg/searching.svg]
[marketifythemes.net/wp/cavani/01/wp-content/themes/cavani/framework/svg/cancel.svg]
[marketifythemes.net/wp/cavani/01/wp-content/themes/cavani/framework/img/thumb/thumb-37-40.jpg]
[marketifythemes.net/wp/cavani/01/wp-content/uploads/2022/06/left.jpg]
[marketifythemes.net/wp/cavani/01/wp-content/themes/cavani/framework/img/retina-logo.png]
[marketifythemes.net/wp/cavani/01/about/index.html]
[marketifythemes.net/wp/cavani/01/creative-portfolio/index.html]
[marketifythemes.net/wp/cavani/01/wp-content/themes/cavani/framework/img/logo.png]
[marketifythemes.net/wp/cavani/01/services/index.html]
[marketifythemes.net/wp/cavani/01/latest-news/index.html]
[marketifythemes.net/wp/cavani/01/wp-content/themes/cavani/framework/img/left.jpg]
[marketifythemes.net/wp/cavani/01/wp-includes/js/dist/vendor/regenerator-runtime.min3937.js]
[marketifythemes.net/wp/cavani/01/get-in-touch/index.html]
[marketifythemes.net/wp/cavani/01/wp-includes/js/dist/vendor/wp-polyfill.min2c7c.js]
[marketifythemes.net/wp/cavani/01/hello-world/index.html]
[marketifythemes.net/wp/cavani/01/reasons-why-people-use-discord/index.html]
[marketifythemes.net/wp/cavani/01/wp-content/plugins/contact-form-7/includes/js/index04dd.js]
[marketifythemes.net/wp/cavani/01/how-to-take-a-break-from-yourself/index.html]
[marketifythemes.net/wp/cavani/01/category/uncategorized/index.html]
[marketifythemes.net/wp/cavani/01/category/insights/index.html]
[marketifythemes.net/wp/cavani/01/wp-content/themes/cavani/framework/js/swipere553.js]
[marketifythemes.net/wp/cavani/01/category/branding/index.html]
[marketifythemes.net/wp/cavani/01/wp-content/themes/cavani/framework/js/glitche553.js]
[marketifythemes.net/wp/cavani/01/category/lifestyle/index.html]
[marketifythemes.net/wp/cavani/01/wp-content/themes/cavani/framework/js/particlee553.js]
[marketifythemes.net/wp/cavani/01/wp-content/themes/cavani/framework/js/ripplee553.js]
[marketifythemes.net/wp/cavani/01/tag/apple/index.html]
[marketifythemes.net/wp/cavani/01/wp-content/themes/cavani/framework/js/isotopee553.js]
[marketifythemes.net/wp/cavani/01/wp-content/themes/cavani/framework/js/inite553.js]
[marketifythemes.net/wp/cavani/01/wp-includes/js/comment-reply.min37ad.js]
[marketifythemes.net/wp/cavani/01/tag/featured/index.html]
[marketifythemes.net/wp/cavani/01/wp-content/plugins/elementor/assets/js/webpack.runtime.min1ed5.js]
[marketifythemes.net/wp/cavani/01/wp-content/plugins/elementor/assets/js/frontend-modules.min1ed5.js]
[marketifythemes.net/wp/cavani/01/wp-content/plugins/elementor/assets/lib/waypoints/waypoints.min05da.js]
[marketifythemes.net/wp/cavani/01/wp-includes/js/jquery/ui/core.min0028.js]
[marketifythemes.net/wp/cavani/01/tag/insights/index.html]
[marketifythemes.net/wp/cavani/01/wp-content/plugins/elementor/assets/js/frontend.min1ed5.js]
[marketifythemes.net/wp/cavani/01/wp-content/plugins/cavani-core/shortcode/assets/js/jquery.event.move68b3.js]
[marketifythemes.net/wp/cavani/01/wp-content/plugins/cavani-core/shortcode/assets/js/juxtapose68b3.js]
[marketifythemes.net/wp/cavani/01/wp-content/plugins/cavani-core/shortcode/assets/js/lightgallery68b3.js]
[marketifythemes.net/wp/cavani/01/wp-content/plugins/cavani-core/shortcode/assets/js/headline-animation68b3.js]
[marketifythemes.net/wp/cavani/01/tag/lifestyle/index.html]
[marketifythemes.net/wp/cavani/01/wp-content/plugins/cavani-core/shortcode/assets/js/countto68b3.js]
[marketifythemes.net/wp/cavani/01/wp-content/plugins/cavani-core/shortcode/assets/js/waypoints68b3.js]
[marketifythemes.net/wp/cavani/01/wp-content/plugins/cavani-core/shortcode/assets/js/jquery-circle-progress68b3.js]
[marketifythemes.net/wp/cavani/01/wp-content/plugins/cavani-core/shortcode/assets/js/owl-carousel68b3.js]
[marketifythemes.net/wp/cavani/01/tag/nft/index.html]
[marketifythemes.net/wp/cavani/01/index.html]
[marketifythemes.net/wp/cavani/01/wp-includes/css/dist/block-library/style.min37ad.css]
[marketifythemes.net/wp/cavani/01/wp-content/plugins/cavani-core/assets/js/init68b3.js]
[marketifythemes.net/wp/cavani/01/wp-content/plugins/contact-form-7/includes/css/styles04dd.css]
[marketifythemes.net/wp/cavani/01/tag/relax/index.html]
[marketifythemes.net/wp/cavani/01/tag/study/index.html]
[marketifythemes.net/wp/cavani/01/tag/technology/index.html]
[marketifythemes.net/wp/cavani/01/tag/teaching/index.html]
[marketifythemes.net/wp/cavani/01/tag/tokens/index.html]
[marketifythemes.net/wp/cavani/01/wp-content/plugins/elementor/assets/lib/eicons/fonts/eicons5519.woff2]
[marketifythemes.net/wp/cavani/01/wp-content/plugins/elementor/assets/lib/eicons/fonts/eicons5519.eot]
[marketifythemes.net/wp/cavani/01/wp-content/plugins/elementor/assets/lib/eicons/fonts/eicons5519.woff]
[marketifythemes.net/wp/cavani/01/wp-content/plugins/elementor/assets/lib/eicons/fonts/eicons5519.ttf]
[marketifythemes.net/wp/cavani/01/wp-content/plugins/elementor/assets/lib/eicons/css/elementor-icons.min7816.css]
[marketifythemes.net/wp/cavani/01/wp-content/plugins/elementor/assets/css/frontend-lite.min1ed5.css]
[marketifythemes.net/wp/cavani/01/wp-content/uploads/elementor/css/post-7d452.css]
[marketifythemes.net/wp/cavani/01/wp-content/plugins/cavani-core/shortcode/assets/css/headline-animation4b68.css]
[marketifythemes.net/wp/cavani/01/wp-content/plugins/cavani-core/shortcode/assets/css/juxtapose4b68.css]
[marketifythemes.net/wp/cavani/01/wp-content/plugins/cavani-core/shortcode/assets/css/lg/lgd641.eot]
[marketifythemes.net/wp/cavani/01/wp-content/plugins/elementor/assets/lib/eicons/fonts/eicons5519.svg]
[marketifythemes.net/wp/cavani/01/wp-content/plugins/cavani-core/shortcode/assets/css/lg/lgd41d.eot]
[marketifythemes.net/wp/cavani/01/wp-content/plugins/cavani-core/shortcode/assets/css/lg/lgd641.woff]
[marketifythemes.net/wp/cavani/01/wp-content/plugins/cavani-core/shortcode/assets/css/lg/lgd641.ttf]
[marketifythemes.net/wp/cavani/01/wp-content/plugins/cavani-core/shortcode/assets/css/lg/lgd641.svg]
[marketifythemes.net/wp/cavani/01/wp-content/plugins/cavani-core/shortcode/assets/img/vimeo-play.png]
[marketifythemes.net/wp/cavani/01/wp-content/plugins/cavani-core/shortcode/assets/img/video-play.png]
[marketifythemes.net/wp/cavani/01/wp-content/plugins/cavani-core/shortcode/assets/img/youtube-play.png]
[marketifythemes.net/wp/cavani/01/wp-content/plugins/cavani-core/shortcode/assets/img/loading.gif]
[marketifythemes.net/wp/cavani/01/wp-content/plugins/cavani-core/shortcode/assets/css/lightgallery4b68.css]
[marketifythemes.net/wp/cavani/01/wp-content/plugins/cavani-core/shortcode/assets/css/swiper4b68.css]
[marketifythemes.net/wp/cavani/01/wp-content/plugins/cavani-core/shortcode/assets/css/owl-theme-default4b68.css]
[marketifythemes.net/wp/cavani/01/wp-content/plugins/cavani-core/shortcode/assets/css/owl.video.play.png]
[marketifythemes.net/wp/cavani/01/wp-content/plugins/cavani-core/shortcode/assets/css/owl-carousel4b68.css]
[marketifythemes.net/wp/cavani/01/wp-content/plugins/cavani-core/shortcode/assets/css/magnific-popup4b68.css]
[marketifythemes.net/wp/cavani/01/wp-content/plugins/cavani-core/shortcode/assets/css/font/fontelloc7fc.eot]
[marketifythemes.net/wp/cavani/01/wp-content/plugins/cavani-core/shortcode/assets/css/font/fontelloc7fc.woff2]
[marketifythemes.net/wp/cavani/01/wp-content/plugins/cavani-core/shortcode/assets/css/font/fontelloc7fc.woff]
[marketifythemes.net/wp/cavani/01/wp-content/plugins/cavani-core/shortcode/assets/css/font/fontelloc7fc.ttf]
[marketifythemes.net/wp/cavani/01/wp-content/plugins/cavani-core/shortcode/assets/css/font/fontelloc7fc.svg]
[marketifythemes.net/wp/cavani/01/wp-content/plugins/cavani-core/shortcode/assets/css/fontello4b68.css]
[marketifythemes.net/wp/cavani/01/wp-content/plugins/cavani-core/assets/css/style4b68.css]
[marketifythemes.net/wp/cavani/01/wp-content/uploads/elementor/css/globald452.css]
[marketifythemes.net/wp/cavani/01/wp-content/uploads/elementor/css/post-8a09b.css]
[marketifythemes.net/wp/cavani/01/wp-content/themes/cavani/framework/css/font/fontello4c98.eot]
[marketifythemes.net/wp/cavani/01/wp-content/themes/cavani/framework/css/font/fontello4c98.woff2]
[marketifythemes.net/wp/cavani/01/wp-content/themes/cavani/framework/css/font/fontello4c98.woff]
[marketifythemes.net/wp/cavani/01/wp-content/themes/cavani/framework/css/font/fontello4c98.ttf]
[marketifythemes.net/wp/cavani/01/wp-content/themes/cavani/framework/css/font/fontello4c98.svg]
[marketifythemes.net/wp/cavani/01/wp-content/themes/cavani/framework/css/fontelloe553.css]
[marketifythemes.net/wp/cavani/01/wp-content/themes/cavani/framework/css/basee553.css]
[marketifythemes.net/wp/cavani/01/wp-content/themes/cavani/framework/css/skeletone553.css]
[marketifythemes.net/wp/cavani/01/wp-content/themes/cavani/framework/css/import/wp-core.css]
[marketifythemes.net/wp/cavani/01/wp-content/themes/cavani/framework/css/import/theme-base.css]
[marketifythemes.net/wp/cavani/01/wp-content/themes/cavani/stylee553.css]
[marketifythemes.net/wp/cavani/01/wp-content/themes/cavani/framework/css/inline0d4f.css]
[marketifythemes.net/wp/cavani/01/wp-includes/js/jquery/jquery.minaf6c.js]
[marketifythemes.net/wp/cavani/01/wp-includes/js/jquery/jquery-migrate.mind617.js]
[marketifythemes.net/wp/cavani/01/wp-content/themes/cavani/framework/js/modernizr.custome553.js]
[marketifythemes.net/wp/cavani/01/wp-content/themes/cavani/framework/js/magnific.popupe553.js]
[marketifythemes.net/wp/cavani/01/wp-content/themes/cavani/framework/svg/searching.svg]
[marketifythemes.net/wp/cavani/01/wp-content/themes/cavani/framework/svg/cancel.svg]
[marketifythemes.net/wp/cavani/01/wp-content/themes/cavani/framework/css/import/widgets.css]
[marketifythemes.net/wp/cavani/01/wp-content/uploads/elementor/css/post-137e77c.css]
[marketifythemes.net/wp/cavani/01/wp-json/wp/v2/pages/137.json]
[marketifythemes.net/wp/cavani/01/wp-json/oembed/1.0/embedbbbe.json]
[marketifythemes.net/wp/cavani/01/wp-json/oembed/1.0/embed9589]
[marketifythemes.net/wp/cavani/01/wp-content/themes/cavani/framework/svg/right-arrow-2.svg]
[marketifythemes.net/wp/cavani/01/wp-content/uploads/2022/06/1.png]
[marketifythemes.net/wp/cavani/01/wp-content/uploads/2022/06/2.png]
[marketifythemes.net/wp/cavani/01/wp-content/uploads/2022/06/3.png]
[marketifythemes.net/wp/cavani/01/wp-content/uploads/2022/06/4.png]
[marketifythemes.net/wp/cavani/01/wp-content/uploads/2022/06/5.png]
[marketifythemes.net/wp/cavani/01/wp-content/uploads/2022/06/6.png]
[marketifythemes.net/wp/cavani/01/wp-content/uploads/2022/06/7.png]
[marketifythemes.net/wp/cavani/01/wp-content/uploads/2022/06/8.png]
[marketifythemes.net/wp/cavani/01/about/index.html]
[marketifythemes.net/cdn-cgi/scripts/5c5dd728/cloudflare-static/email-decode.min.js]
[marketifythemes.net/wp/cavani/01/wp-content/themes/cavani/framework/css/magnific.popupe553.css]
[marketifythemes.net/wp/cavani/01/wp-content/themes/cavani/framework/css/swipere553.css]
[marketifythemes.net/wp/cavani/01/wp-json/wp/v2/pages/34.json]
[marketifythemes.net/wp/cavani/01/wp-json/oembed/1.0/embed571c.json]
[marketifythemes.net/wp/cavani/01/wp-json/oembed/1.0/embed20c8]
[marketifythemes.net/wp/cavani/01/wp-content/uploads/2022/06/1.jpg]
[marketifythemes.net/wp/cavani/01/wp-content/themes/cavani/framework/img/thumb/square.jpg]
[marketifythemes.net/wp/cavani/01/wp-content/uploads/2022/06/2.jpg]
[marketifythemes.net/wp/cavani/01/wp-content/uploads/2022/06/3.jpg]
[marketifythemes.net/wp/cavani/01/wp-content/uploads/2022/06/4.jpg]
[marketifythemes.net/wp/cavani/01/project/ave-brook/index.html]
[marketifythemes.net/wp/cavani/01/project/kelly-hookin/index.html]
[marketifythemes.net/wp/cavani/01/wp-content/uploads/2022/06/5.jpg]
[marketifythemes.net/wp/cavani/01/project/ashley-flores/index.html]
[marketifythemes.net/wp/cavani/01/wp-content/uploads/2022/06/6.jpg]
[marketifythemes.net/wp/cavani/01/creative-portfolio/index.html]
[marketifythemes.net/wp/cavani/01/project/alla-gorova/index.html]
[marketifythemes.net/wp/cavani/01/project/fele-sweet/index.html]
[marketifythemes.net/wp/cavani/01/project/alice-moon/index.html]
[marketifythemes.net/wp/cavani/01/wp-content/uploads/elementor/css/post-61f1a5.css]
[marketifythemes.net/wp/cavani/01/wp-json/wp/v2/pages/61.json]
[marketifythemes.net/wp/cavani/01/wp-json/oembed/1.0/embeda4ff.json]
[marketifythemes.net/wp/cavani/01/wp-json/oembed/1.0/embed6dd8]
[marketifythemes.net/wp/cavani/01/wp-content/uploads/2022/06/7-1.jpg]
[marketifythemes.net/wp/cavani/01/wp-content/plugins/cavani-core/shortcode/assets/svg/a-3d.svg]
[marketifythemes.net/wp/cavani/01/wp-content/uploads/2022/06/8.jpg]
[marketifythemes.net/wp/cavani/01/wp-content/plugins/cavani-core/shortcode/assets/svg/a-play-button.svg]
[marketifythemes.net/wp/cavani/01/wp-content/uploads/2022/06/5-2.jpg]
[marketifythemes.net/wp/cavani/01/wp-content/plugins/cavani-core/shortcode/assets/svg/a-web.svg]
[marketifythemes.net/wp/cavani/01/wp-content/uploads/2022/06/1-1.jpg]
[marketifythemes.net/wp/cavani/01/wp-content/plugins/cavani-core/shortcode/assets/svg/a-progress.svg]
[marketifythemes.net/wp/cavani/01/wp-content/uploads/2022/06/2-2.jpg]
[marketifythemes.net/wp/cavani/01/wp-content/plugins/cavani-core/shortcode/assets/svg/a-instagram.svg]
[marketifythemes.net/wp/cavani/01/wp-content/uploads/2022/06/9-presentation.jpg]
[marketifythemes.net/wp/cavani/01/wp-content/plugins/cavani-core/shortcode/assets/svg/a-layers.svg]
[marketifythemes.net/wp/cavani/01/services/index.html]
[marketifythemes.net/wp/cavani/01/wp-json/wp/v2/pages/101.json]
[marketifythemes.net/wp/cavani/01/wp-json/oembed/1.0/embed63b9.json]
[marketifythemes.net/wp/cavani/01/wp-json/oembed/1.0/embedbf47]
[marketifythemes.net/wp/cavani/01/latest-news/index.html]
[marketifythemes.net/wp/cavani/01/wp-content/uploads/elementor/css/post-727670.css]
[marketifythemes.net/wp/cavani/01/why-we-should-read-fewer-books/index.html]
[marketifythemes.net/wp/cavani/01/wp-content/plugins/elementor/assets/lib/font-awesome/css/fontawesome.min52d5.css]
[marketifythemes.net/wp/cavani/01/a-final-farewell-to-the-ipod/index.html]
[marketifythemes.net/wp/cavani/01/wp-content/plugins/elementor/assets/lib/font-awesome/css/solid.min52d5.css]
[marketifythemes.net/wp/cavani/01/dealing-with-spring-allergy-symptoms/index.html]
[marketifythemes.net/wp/cavani/01/wp-json/wp/v2/pages/72.json]
[marketifythemes.net/wp/cavani/01/latest-news/page/2/index.html]
[marketifythemes.net/wp/cavani/01/wp-json/oembed/1.0/embed9e9d.json]
[marketifythemes.net/wp/cavani/01/wp-json/oembed/1.0/embedc174]
[marketifythemes.net/wp/cavani/01/get-in-touch/index.html]
[marketifythemes.net/wp/cavani/01/wp-json/wp/v2/posts/1.json]
[marketifythemes.net/wp/cavani/01/hello-world/feed/index.html]
[marketifythemes.net/wp/cavani/01/wp-json/oembed/1.0/embed0f11.json]
[marketifythemes.net/wp/cavani/01/wp-json/oembed/1.0/embedc46f]
[marketifythemes.net/wp/cavani/01/wp-content/uploads/2022/06/5-1.jpg]
[marketifythemes.net/wp/cavani/01/author/marketify/index.html]
[marketifythemes.net/wp/cavani/01/wp-content/themes/cavani/framework/svg/reply.svg]
[marketifythemes.net/wp/cavani/01/hello-world/index.html]
[marketifythemes.net/wp/cavani/01/the-age-of-extinction-is-here-some-of-us-just-dont-know-it-yet/index.html]
[marketifythemes.net/wp/cavani/01/reasons-why-people-use-discord/feed/index.html]
[marketifythemes.net/wp/cavani/01/wp-content/uploads/elementor/css/post-110ccbf.css]
[marketifythemes.net/wp/cavani/01/wp-json/wp/v2/posts/110.json]
[marketifythemes.net/wp/cavani/01/hello-world/index6809.html]
[marketifythemes.net/wp/cavani/01/wp-json/oembed/1.0/embed8c72.json]
[marketifythemes.net/wp/cavani/01/wp-json/oembed/1.0/embed636b]
[marketifythemes.net/wp/cavani/01/wp-content/uploads/2022/06/7.jpg]
[marketifythemes.net/wp/cavani/01/reasons-why-people-use-discord/index.html]
[marketifythemes.net/wp/cavani/01/wp-content/uploads/elementor/css/post-937360.css]
[marketifythemes.net/wp/cavani/01/how-to-take-a-break-from-yourself/feed/index.html]
[marketifythemes.net/wp/cavani/01/wp-json/wp/v2/posts/93.json]
[marketifythemes.net/wp/cavani/01/wp-json/oembed/1.0/embed49ca.json]
[marketifythemes.net/wp/cavani/01/wp-json/oembed/1.0/embed9103]
[marketifythemes.net/wp/cavani/01/wp-content/uploads/2022/06/4-1.jpg]
[marketifythemes.net/wp/cavani/01/how-to-take-a-break-from-yourself/index.html]
[marketifythemes.net/wp/cavani/01/wp-json/wp/v2/categories/1.json]
[marketifythemes.net/wp/cavani/01/wp-content/themes/cavani/framework/svg/right-arrow.svg]
[marketifythemes.net/wp/cavani/01/category/uncategorized/index.html]
[marketifythemes.net/wp/cavani/01/category/uncategorized/feed/index.html]
[marketifythemes.net/wp/cavani/01/category/insights/feed/index.html]
[marketifythemes.net/wp/cavani/01/wp-json/wp/v2/categories/10.json]
[marketifythemes.net/wp/cavani/01/category/insights/index.html]
[marketifythemes.net/wp/cavani/01/wp-json/wp/v2/categories/16.json]
[marketifythemes.net/wp/cavani/01/category/branding/index.html]
[marketifythemes.net/wp/cavani/01/category/branding/feed/index.html]
[marketifythemes.net/wp/cavani/01/wp-json/wp/v2/categories/17.json]
[marketifythemes.net/wp/cavani/01/category/lifestyle/index.html]
[marketifythemes.net/wp/cavani/01/category/lifestyle/feed/index.html]
[marketifythemes.net/wp/cavani/01/wp-json/wp/v2/tags/20.json]
[marketifythemes.net/wp/cavani/01/tag/apple/index.html]
[marketifythemes.net/wp/cavani/01/tag/apple/feed/index.html]
[marketifythemes.net/wp/cavani/01/wp-json/wp/v2/tags/14.json]
[marketifythemes.net/wp/cavani/01/tag/featured/index.html]
[marketifythemes.net/wp/cavani/01/tag/featured/feed/index.html]
[marketifythemes.net/wp/cavani/01/wp-json/wp/v2/tags/15.json]
[marketifythemes.net/wp/cavani/01/tag/insights/index.html]
[marketifythemes.net/wp/cavani/01/tag/insights/feed/index.html]
[marketifythemes.net/wp/cavani/01/wp-json/wp/v2/tags/18.json]
[marketifythemes.net/wp/cavani/01/tag/lifestyle/index.html]
[marketifythemes.net/wp/cavani/01/tag/insights/page/2/index.html]
[marketifythemes.net/wp/cavani/01/tag/lifestyle/feed/index.html]
[marketifythemes.net/wp/cavani/01/wp-json/wp/v2/tags/13.json]
[marketifythemes.net/wp/cavani/01/tag/nft/index.html]
[marketifythemes.net/wp/cavani/01/tag/nft/feed/index.html]
[marketifythemes.net/wp/cavani/01/wp-json/wp/v2/tags/19.json]
[marketifythemes.net/wp/cavani/01/tag/relax/index.html]
[marketifythemes.net/wp/cavani/01/tag/relax/feed/index.html]
[marketifythemes.net/wp/cavani/01/wp-json/wp/v2/tags/23.json]
[marketifythemes.net/wp/cavani/01/tag/study/index.html]
[marketifythemes.net/wp/cavani/01/tag/study/feed/index.html]
[marketifythemes.net/wp/cavani/01/wp-json/wp/v2/tags/22.json]
[marketifythemes.net/wp/cavani/01/tag/teaching/index.html]
[marketifythemes.net/wp/cavani/01/tag/teaching/feed/index.html]
[marketifythemes.net/wp/cavani/01/wp-json/wp/v2/tags/21.json]
[marketifythemes.net/wp/cavani/01/tag/technology/index.html]
[marketifythemes.net/wp/cavani/01/tag/technology/feed/index.html]
[marketifythemes.net/wp/cavani/01/wp-json/wp/v2/tags/11.json]
[marketifythemes.net/wp/cavani/01/tag/tokens/index.html]
[marketifythemes.net/wp/cavani/01/wp-includes/js/dist/vendor/regenerator-runtime.min3937.js]
[marketifythemes.net/wp/cavani/01/wp-includes/js/dist/vendor/wp-polyfill.min2c7c.js]
[marketifythemes.net/wp/cavani/01/wp-content/plugins/contact-form-7/includes/js/index04dd.js]
[marketifythemes.net/wp/cavani/01/wp-content/themes/cavani/framework/js/swipere553.js]
[marketifythemes.net/wp/cavani/01/wp-content/themes/cavani/framework/js/glitche553.js]
[marketifythemes.net/wp/cavani/01/tag/tokens/feed/index.html]
[marketifythemes.net/wp/cavani/01/version/index-2.html]
[marketifythemes.net/wp/cavani/01/Version/index.html]
[marketifythemes.net/wp/cavani/01/Error pJS - No image.src]
[marketifythemes.net/wp/cavani/01/wp-content/themes/cavani/framework/js/particlee553.js]
[marketifythemes.net/wp/cavani/01/wp-content/themes/cavani/framework/js/ripplee553.js]
[marketifythemes.net/wp/cavani/01/wp-content/themes/cavani/framework/js/isotopee553.js]
[marketifythemes.net/wp/cavani/01/wp-content/themes/cavani/framework/js/inite553.js]
[marketifythemes.net/wp/cavani/01/wp-includes/js/comment-reply.min37ad.js]
[marketifythemes.net/wp/cavani/01/wp-content/plugins/elementor/assets/js/webpack.runtime.min1ed5.js]
[marketifythemes.net/wp/cavani/01/wp-content/plugins/elementor/assets/js/frontend-modules.min1ed5.js]
[marketifythemes.net/wp/cavani/01/wp-content/plugins/elementor/assets/lib/waypoints/waypoints.min05da.js]
[marketifythemes.net/wp/cavani/01/wp-includes/js/jquery/ui/core.min0028.js]
[marketifythemes.net/wp/cavani/01/fn_ex_link/index.html]
[marketifythemes.net/wp/cavani/01/-negative.svg]
[marketifythemes.net/wp/cavani/01/wp-content/plugins/elementor/assets/js/frontend.min1ed5.js]
[marketifythemes.net/wp/cavani/01/wp-content/plugins/cavani-core/shortcode/assets/js/jquery.event.move68b3.js]
[marketifythemes.net/wp/cavani/01/wp-content/plugins/cavani-core/shortcode/assets/js/juxtapose68b3.js]
[marketifythemes.net/wp/cavani/01/wp-content/plugins/cavani-core/shortcode/assets/js/lightgallery68b3.js]
[marketifythemes.net/wp/cavani/01/wp-content/plugins/cavani-core/shortcode/assets/js/headline-animation68b3.js]
[marketifythemes.net/wp/cavani/01/wp-content/plugins/cavani-core/shortcode/assets/js/countto68b3.js]
[marketifythemes.net/wp/cavani/01/wp-content/plugins/cavani-core/shortcode/assets/js/waypoints68b3.js]
[marketifythemes.net/wp/cavani/01/wp-content/plugins/cavani-core/shortcode/assets/js/jquery-circle-progress68b3.js]
[marketifythemes.net/wp/cavani/01/wp-content/plugins/cavani-core/shortcode/assets/js/owl-carousel68b3.js]
[marketifythemes.net/wp/cavani/01/wp-content/plugins/cavani-core/assets/js/init68b3.js]
[marketifythemes.net/wp/cavani/01/wp-content/plugins/elementor/assets/lib/eicons/fonts/eicons5519.svg]
[marketifythemes.net/wp/cavani/01/wp-content/plugins/cavani-core/shortcode/assets/css/juxtapose4b68.css]
[marketifythemes.net/wp/cavani/01/wp-content/plugins/cavani-core/shortcode/assets/css/lg/lgd641.svg]
[marketifythemes.net/wp/cavani/01/wp-content/plugins/cavani-core/shortcode/assets/img/vimeo-play.html]
[marketifythemes.net/wp/cavani/01/wp-content/plugins/cavani-core/shortcode/assets/img/video-play.html]
[marketifythemes.net/wp/cavani/01/wp-content/plugins/cavani-core/shortcode/assets/img/youtube-play.html]
[marketifythemes.net/wp/cavani/01/wp-content/plugins/cavani-core/shortcode/assets/img/loading.html]
[marketifythemes.net/wp/cavani/01/wp-content/plugins/cavani-core/shortcode/assets/css/owl.video.play.html]
[marketifythemes.net/wp/cavani/01/wp-content/plugins/cavani-core/shortcode/assets/css/font/fontelloc7fc.svg]
[marketifythemes.net/wp/cavani/01/wp-content/themes/cavani/framework/css/font/fontello4c98.svg]
[marketifythemes.net/wp/cavani/01/wp-content/themes/cavani/framework/css/import/wp-core.css]
[marketifythemes.net/wp/cavani/01/wp-content/themes/cavani/framework/css/import/theme-base.css]
[marketifythemes.net/wp/cavani/01/wp-content/themes/cavani/framework/css/import/widgets.css]
[marketifythemes.net/wp/cavani/01/wp-content/uploads/elementor/css/post-137e77c.css]
[marketifythemes.net/wp/cavani/01/index60d6.html]
[marketifythemes.net/wp/cavani/01/wp-content/themes/cavani/framework/svg/right-arrow-2.svg]
[marketifythemes.net/wp/cavani/01/wp-content/themes/cavani/framework/css/magnific.popupe553.css]
[marketifythemes.net/wp/cavani/01/wp-content/themes/cavani/framework/css/swipere553.css]
[marketifythemes.net/wp/cavani/01/index1e7e.html]
[marketifythemes.net/wp/cavani/01/OPR/index.html]
[marketifythemes.net/wp/cavani/01/wp-content/uploads/elementor/css/post-3310d5.css]
[marketifythemes.net/wp/cavani/01/flickr.com/photos/index.html]
[marketifythemes.net/wp/cavani/01/wp-json/oembed/1.0/embedf3d9.json]
[marketifythemes.net/wp/cavani/01/wp-json/oembed/1.0/embedfd47]
[marketifythemes.net/wp/cavani/01/wp-content/themes/cavani/framework/svg/play-video.svg]
[marketifythemes.net/wp/cavani/01/project/ave-brook/index.html]
[marketifythemes.net/wp/cavani/01/project-cat/youtube/index.html]
[marketifythemes.net/wp/cavani/01/wp-content/uploads/elementor/css/post-327dde.css]
[marketifythemes.net/wp/cavani/01/wp-json/oembed/1.0/embed6b33.json]
[marketifythemes.net/wp/cavani/01/wp-json/oembed/1.0/embedcb6d]
[marketifythemes.net/wp/cavani/01/project/kelly-hookin/index.html]
[marketifythemes.net/wp/cavani/01/wp-content/uploads/elementor/css/post-310a34.css]
[marketifythemes.net/wp/cavani/01/project-cat/vimeo/index.html]
[marketifythemes.net/wp/cavani/01/wp-json/oembed/1.0/embedb206.json]
[marketifythemes.net/wp/cavani/01/wp-json/oembed/1.0/embed19ad]
[marketifythemes.net/wp/cavani/01/project/ashley-flores/index.html]
[marketifythemes.net/wp/cavani/01/wp-content/uploads/elementor/css/post-300e5c.css]
[marketifythemes.net/wp/cavani/01/wp-json/oembed/1.0/embedafc7.json]
[marketifythemes.net/wp/cavani/01/project-cat/soundcloud/index.html]
[marketifythemes.net/wp/cavani/01/wp-json/oembed/1.0/embed7a36]
[marketifythemes.net/wp/cavani/01/project/alla-gorova/index.html]
[marketifythemes.net/wp/cavani/01/wp-content/uploads/elementor/css/post-296828.css]
[marketifythemes.net/wp/cavani/01/wp-json/oembed/1.0/embed520d]
[marketifythemes.net/wp/cavani/01/project/fele-sweet/index.html]
[marketifythemes.net/wp/cavani/01/wp-json/oembed/1.0/embed6bbb.json]
[marketifythemes.net/wp/cavani/01/wp-content/uploads/elementor/css/post-22922c.css]
[marketifythemes.net/wp/cavani/01/project-cat/slider/index.html]
[marketifythemes.net/wp/cavani/01/wp-json/oembed/1.0/embed62dd.json]
[marketifythemes.net/wp/cavani/01/wp-json/oembed/1.0/embeda229]
[marketifythemes.net/wp/cavani/01/project/alice-moon/index.html]
[marketifythemes.net/wp/cavani/01/wp-content/uploads/elementor/css/post-61f1a5.css]
[marketifythemes.net/wp/cavani/01/index094d.html]
[marketifythemes.net/wp/cavani/01/wp-content/plugins/cavani-core/shortcode/assets/svg/a-3d.svg]
[marketifythemes.net/wp/cavani/01/wp-content/plugins/cavani-core/shortcode/assets/svg/a-play-button.svg]
[marketifythemes.net/wp/cavani/01/wp-content/plugins/cavani-core/shortcode/assets/svg/a-web.svg]
[marketifythemes.net/wp/cavani/01/wp-content/plugins/cavani-core/shortcode/assets/svg/a-progress.svg]
[marketifythemes.net/wp/cavani/01/wp-content/plugins/cavani-core/shortcode/assets/svg/a-instagram.svg]
[marketifythemes.net/wp/cavani/01/wp-content/plugins/cavani-core/shortcode/assets/svg/a-layers.svg]
[marketifythemes.net/wp/cavani/01/index198a.html]
[marketifythemes.net/wp/cavani/01/project-cat/static/index.html]
[marketifythemes.net/wp/cavani/01/wp-content/uploads/elementor/css/post-108a925.css]
[marketifythemes.net/wp/cavani/01/wp-json/wp/v2/posts/108.json]
[marketifythemes.net/wp/cavani/01/why-we-should-read-fewer-books/feed/index.html]
[marketifythemes.net/wp/cavani/01/wp-json/oembed/1.0/embede5dc.json]
[marketifythemes.net/wp/cavani/01/wp-json/oembed/1.0/embed231e]
[marketifythemes.net/wp/cavani/01/wp-content/uploads/2022/06/2-1.jpg]
[marketifythemes.net/wp/cavani/01/why-we-should-read-fewer-books/index.html]
[marketifythemes.net/wp/cavani/01/wp-content/uploads/elementor/css/post-1061686.css]
[marketifythemes.net/wp/cavani/01/a-final-farewell-to-the-ipod/feed/index.html]
[marketifythemes.net/wp/cavani/01/wp-json/wp/v2/posts/106.json]
[marketifythemes.net/wp/cavani/01/wp-json/oembed/1.0/embedb761.json]
[marketifythemes.net/wp/cavani/01/wp-json/oembed/1.0/embed5c86]
[marketifythemes.net/wp/cavani/01/wp-content/uploads/2022/06/3-1.jpg]
[marketifythemes.net/wp/cavani/01/a-final-farewell-to-the-ipod/index.html]
[marketifythemes.net/wp/cavani/01/wp-content/uploads/elementor/css/post-1047399.css]
[marketifythemes.net/wp/cavani/01/dealing-with-spring-allergy-symptoms/feed/index.html]
[marketifythemes.net/wp/cavani/01/wp-json/wp/v2/posts/104.json]
[marketifythemes.net/wp/cavani/01/wp-json/oembed/1.0/embed1e9c.json]
[marketifythemes.net/wp/cavani/01/wp-json/oembed/1.0/embed5d4b]
[marketifythemes.net/wp/cavani/01/dealing-with-spring-allergy-symptoms/index.html]
[marketifythemes.net/wp/cavani/01/latest-news/page/2/index.html]
[marketifythemes.net/wp/cavani/01/wp-content/uploads/elementor/css/post-727670.css]
[marketifythemes.net/wp/cavani/01/wp-content/plugins/elementor/assets/lib/font-awesome/css/fontawesome.min52d5.css]
[marketifythemes.net/wp/cavani/01/wp-content/plugins/elementor/assets/lib/font-awesome/webfonts/fa-solid-900.eot]
[marketifythemes.net/wp/cavani/01/wp-content/plugins/elementor/assets/lib/font-awesome/webfonts/fa-solid-900.woff2]
[marketifythemes.net/wp/cavani/01/wp-content/plugins/elementor/assets/lib/font-awesome/webfonts/fa-solid-900.ttf]
[marketifythemes.net/wp/cavani/01/wp-content/plugins/elementor/assets/lib/font-awesome/css/solid.min52d5.css]
[marketifythemes.net/wp/cavani/01/indexae74.html]
[marketifythemes.net/wp/cavani/01/indexcff1.html]
[marketifythemes.net/wp/cavani/01/wp-content/plugins/elementor/assets/lib/font-awesome/webfonts/fa-solid-900.woff]
[marketifythemes.net/wp/cavani/01/wp-content/plugins/elementor/assets/lib/font-awesome/webfonts/fa-solid-900d41d.eot]
[marketifythemes.net/wp/cavani/01/wp-json/wp/v2/users/1.json]
[marketifythemes.net/wp/cavani/01/author/marketify/index.html]
[marketifythemes.net/wp/cavani/01/wp-content/uploads/elementor/css/post-859cb2.css]
[marketifythemes.net/wp/cavani/01/wp-content/plugins/elementor/assets/lib/font-awesome/webfonts/fa-solid-900.svg]
[marketifythemes.net/wp/cavani/01/author/marketify/page/2/index.html]
[marketifythemes.net/wp/cavani/01/author/marketify/feed/index.html]
[marketifythemes.net/wp/cavani/01/the-age-of-extinction-is-here-some-of-us-just-dont-know-it-yet/feed/index.html]
[marketifythemes.net/wp/cavani/01/wp-json/wp/v2/posts/85.json]
[marketifythemes.net/wp/cavani/01/wp-json/oembed/1.0/embed8344.json]
[marketifythemes.net/wp/cavani/01/wp-json/oembed/1.0/embedfda2]
[marketifythemes.net/wp/cavani/01/the-age-of-extinction-is-here-some-of-us-just-dont-know-it-yet/index.html]
[marketifythemes.net/wp/cavani/01/wp-content/themes/cavani/framework/svg/reply.svg]
[marketifythemes.net/wp/cavani/01/hello-world/index6809.html]
[marketifythemes.net/wp/cavani/01/wp-content/uploads/elementor/css/post-110ccbf.css]
[marketifythemes.net/wp/cavani/01/index5f87.html]
[pinterest.com/pin/create/button/indexc5ca.html]
[marketifythemes.net/wp/cavani/01/wp-content/uploads/elementor/css/post-937360.css]
[marketifythemes.net/wp/cavani/01/index36d4.html]
[pinterest.com/pin/create/button/index1b20.html]
[marketifythemes.net/wp/cavani/01/wp-content/themes/cavani/framework/svg/right-arrow.svg]
[marketifythemes.net/wp/cavani/01/tag/insights/page/2/index.html]
[marketifythemes.net/wp/cavani/01/Version/index.html]
[marketifythemes.net/wp/cavani/01/version/index-2.html]
[marketifythemes.net/wp/cavani/01/Error pJS - No image.html]
[marketifythemes.net/wp/cavani/01/fn_ex_link/index.html]
[marketifythemes.net/wp/cavani/01/-negative.html]
[marketifythemes.net/wp/cavani/01/OPR/index.html]
[marketifythemes.net/wp/cavani/01/flickr.com/photos/index.html]
[marketifythemes.net/wp/cavani/01/wp-content/uploads/elementor/css/post-3310d5.css]
[marketifythemes.net/wp/cavani/01/indexdd23.html]
[marketifythemes.net/wp/cavani/01/wp-content/themes/cavani/framework/svg/play-video.svg]
[marketifythemes.net/wp/cavani/01/project-cat/youtube/index.html]
[marketifythemes.net/wp/cavani/01/project/index.html]
[marketifythemes.net/wp/cavani/01/wp-content/uploads/elementor/css/post-327dde.css]
[marketifythemes.net/wp/cavani/01/index6c46.html]
[marketifythemes.net/wp/cavani/01/project-cat/vimeo/index.html]
[marketifythemes.net/wp/cavani/01/project-cat/vimeo/feed/index.html]
[marketifythemes.net/wp/cavani/01/wp-content/uploads/elementor/css/post-310a34.css]
[marketifythemes.net/wp/cavani/01/indexc7e3.html]
[marketifythemes.net/wp/cavani/01/project-cat/soundcloud/index.html]
[www.pinterest.com/pin/create/button/index6b6f.html]
[marketifythemes.net/wp/cavani/01/wp-content/uploads/elementor/css/post-300e5c.css]
[marketifythemes.net/wp/cavani/01/index5643.html]
[marketifythemes.net/wp/cavani/01/project-cat/static/index.html]
[www.pinterest.com/pin/create/button/index06d7.html]
[marketifythemes.net/wp/cavani/01/wp-content/uploads/elementor/css/post-296828.css]
[marketifythemes.net/wp/cavani/01/index9cd7.html]
[marketifythemes.net/wp/cavani/01/project-cat/slider/index.html]
[marketifythemes.net/wp/cavani/01/project-cat/static/feed/index.html]
[marketifythemes.net/wp/cavani/01/project-cat/slider/feed/index.html]
[marketifythemes.net/wp/cavani/01/wp-content/uploads/elementor/css/post-22922c.css]
[marketifythemes.net/wp/cavani/01/index0345.html]
[marketifythemes.net/wp/cavani/01/wp-content/uploads/elementor/css/post-108a925.css]
[marketifythemes.net/wp/cavani/01/index460d.html]
[pinterest.com/pin/create/button/indexfe8a.html]
[marketifythemes.net/wp/cavani/01/wp-content/uploads/elementor/css/post-1061686.css]
[marketifythemes.net/wp/cavani/01/index153d.html]
[pinterest.com/pin/create/button/index1ea5.html]
[www.pinterest.com/pin/create/button/indexf121.html]
[marketifythemes.net/wp/cavani/01/wp-content/uploads/elementor/css/post-1047399.css]
[marketifythemes.net/wp/cavani/01/index9430.html]
[pinterest.com/pin/create/button/indexa414.html]
[www.pinterest.com/pin/create/button/indexbcb3.html]
[marketifythemes.net/wp/cavani/01/wp-content/plugins/elementor/assets/lib/font-awesome/webfonts/fa-solid-900.svg]
[marketifythemes.net/wp/cavani/01/author/marketify/page/2/index.html]
[marketifythemes.net/wp/cavani/01/wp-content/uploads/elementor/css/post-859cb2.css]
[marketifythemes.net/wp/cavani/01/index648c.html]
[pinterest.com/pin/create/button/indexdb45.html]
[www.pinterest.com/pin/create/button/index6bd0.html]
[www.pinterest.com/pin/create/button/index1199.html]
[marketifythemes.net/wp/cavani/01/project-cat/youtube/feed/index.html]
[marketifythemes.net/wp/cavani/01/project-cat/soundcloud/feed/index.html]
[s.pinimg.com/webapp/runtime-306554b85386c56e.js]
[s.pinimg.com/webapp/polyfills-2524ae56d9f0d1cb.js]
[s.pinimg.com/webapp/70472-28186372b66c98df.js]
[s.pinimg.com/webapp/75481-e132d7125dcf9b23.js]
[s.pinimg.com/webapp/63111-dd8ef4061865b839.js]
[s.pinimg.com/webapp/locale-tr-mobile-js-b70592b30acc6138.js]
[s.pinimg.com/webapp/8390-016fc8797990c392.js]
[s.pinimg.com/webapp/vendor-react-ef0a7915dab604f0.js]
[s.pinimg.com/webapp/52314-3a3a636899b7ddd6.js]
[s.pinimg.com/webapp/42888-7b966d44c7188824.js]
[s.pinimg.com/webapp/26067-63ec3a0f49697dc0.js]
[s.pinimg.com/webapp/55304-6f19663ea122d9ca.js]
[s.pinimg.com/webapp/16847-a4ecdab54b92bd30.js]
[s.pinimg.com/webapp/10826-7ad502e59b828174.js]
[s.pinimg.com/webapp/8285-59167b1f4af0c027.js]
[s.pinimg.com/webapp/3278-388720ae14e1fac2.js]
[s.pinimg.com/webapp/82020-86c2ad7f89cbf287.js]
[s.pinimg.com/webapp/70598-61bbc5f5e3390633.js]
[s.pinimg.com/webapp/87072-6738d09326c34b54.js]
[s.pinimg.com/webapp/53032-1a64091332feb747.js]
[s.pinimg.com/webapp/54556-239f4effefa2dfb2.js]
[s.pinimg.com/webapp/58589-f801989a3384560b.js]
[s.pinimg.com/webapp/69853-93d2a300c87f104b.js]
[s.pinimg.com/webapp/53323-25aa680b1735848b.js]
[s.pinimg.com/webapp/50040-4419ae9368314125.js]
[s.pinimg.com/webapp/47522-bd1fc9cca86f7ef5.js]
[s.pinimg.com/webapp/67062-b9258cb9305c607d.js]
[s.pinimg.com/webapp/22912-f2932a8e123eb8d7.js]
[s.pinimg.com/webapp/94349-a924d4f8603a04c8.js]
[s.pinimg.com/webapp/49305-e6d5c321f8e65b9a.js]
[s.pinimg.com/webapp/41838-c77251267df3fc3e.js]
[s.pinimg.com/webapp/16273-a5694340c0af8d66.js]
[s.pinimg.com/webapp/www/pin/create/[method]-mobile-8b1a06c179d2b91d.js]
[s.pinimg.com/webapp/60801-6ea7e5add6b7b519.js]
[s.pinimg.com/webapp/9385-04aee2829ded2667.js]
[s.pinimg.com/webapp/logo_trans_144x144-5e37c0c6.png]
[s.pinimg.com/webapp/favicon-54a5b2af.png]
[s.pinimg.com/webapp/www/_client-mobile-8954c058c2f54cd8.js]
[s.pinimg.com/webapp/87118-fd6ebecb03e57f68.js]
[s.pinimg.com/webapp/90733-666d17f7fd96e3b3.js]
[s.pinimg.com/webapp/52986-37f58d565a0d5b34.js]
[s.pinimg.com/webapp/40156-1e138be1c1098ae1.js]
[s.pinimg.com/webapp/875-0f97d890bee32627.js]
[www.pinterest.com/pin/create/button/android-app_/com.pinterest/pinterest/www.pinterest.com/pin/create/button/_media=&url=https_/marketifythemes.net/wp/cavani/01/reasons-why-people-use-discor/7.102.delaye]
[www.pinterest.com/pin/create/button/ios-app_/429047995/pinterest/add_pin/_method=button&image_url=&source_url=https_/marketifythemes.net/wp/cavani/01/reasons-why-people-use-discord/&media=ht/7.101.delaye]
[s.pinimg.com/webapp/72388-b27c8485e026a21e.js]
[s.pinimg.com/webapp/26517-aa6fc460a16ae0a5.js]
[s.pinimg.com/webapp/55553-b22dea568af97f1a.js]
[s.pinimg.com/webapp/67053-8d381d2f261163d3.js]
[s.pinimg.com/webapp/60547-e997c1cab161ca14.js]
[s.pinimg.com/webapp/76585-a70ee301f47843e9.js]
[s.pinimg.com/webapp/76857-9a9a6dca6c675b8c.js]
[s.pinimg.com/webapp/39935-f454eb6fd8147b3a.js]
[s.pinimg.com/webapp/5567-218bb2abac3150da.js]
[s.pinimg.com/webapp/38121-6d3967844313d90d.js]
[s.pinimg.com/webapp/19598-74be3c7425455797.js]
[s.pinimg.com/webapp/42041-9038f5e9b114e458.js]
[s.pinimg.com/webapp/67432-38060a8c7003c5ca.js]
[s.pinimg.com/webapp/39788-972a7fd15cb3c4e8.js]
[s.pinimg.com/webapp/57325-850e5e8d91ab6eb6.js]
[s.pinimg.com/webapp/81798-0ec347acabbe630d.js]
[s.pinimg.com/webapp/62015-ebdddb1cf29fa6d8.js]
[s.pinimg.com/webapp/65839-bbce6411fb9b175f.js]
[s.pinimg.com/webapp/21151-3a1f9be36c3cb8d0.js]
[s.pinimg.com/webapp/37666-2b9f73a228071079.js]
[s.pinimg.com/webapp/76532-8dd4afa754e92b9b.js]
[s.pinimg.com/webapp/42234-52f11633347d85bf.js]
[s.pinimg.com/webapp/56060-adc8bae77dec0318.js]
[s.pinimg.com/webapp/94237-462bd7e19d5f1402.js]
[s.pinimg.com/webapp/20287-27e8e50a50aa1c64.js]
[www.pinterest.com/pin/create/button/index6b6f.html]
[s.pinimg.com/webapp/DesktopUnauthPageWrapper-27bbbece4d3d5ad2.js]
[www.pinterest.com/pin/create/button/index06d7.html]
[s.pinimg.com/webapp/UnauthPageWrapperFooter-c9b22114d27205fb.js]
[marketifythemes.net/wp/cavani/01/project/index.html]
[s.pinimg.com/webapp/19126-e242b0ad79947b7d.js]
[www.pinterest.com/pin/create/button/android-app_/com.pinterest/pinterest/www.pinterest.com/pin/create/button/_media=&url=https_/marketifythemes.net/wp/cavani/01/how-to-take-a-break-from-yo/4-1.126.delaye]
[www.pinterest.com/pin/create/button/indexf121.html]
[s.pinimg.com/webapp/UnauthPageWrapperHeader-e2a7c6ad85a96b32.js]
[marketifythemes.net/wp/cavani/01/project/feed/index.html]
[www.pinterest.com/pin/create/button/indexbcb3.html]
[www.pinterest.com/pin/create/button/ios-app_/429047995/pinterest/add_pin/_method=button&image_url=&source_url=https_/marketifythemes.net/wp/cavani/01/how-to-take-a-break-from-yourself/&med/4-1.125.delaye]
[www.pinterest.com/pin/create/button/android-app_/com.pinterest/pinterest/www.pinterest.com/pin/create/button/_media=&url=https_/marketifythemes.net/wp/cavani/01/why-we-should-read-fewer-bo/2-1.128.delaye]
[www.pinterest.com/pin/create/button/index6bd0.html]
[www.pinterest.com/pin/create/button/ios-app_/429047995/pinterest/add_pin/_method=button&image_url=&source_url=https_/marketifythemes.net/wp/cavani/01/why-we-should-read-fewer-books/&media=/2-1.127.delaye]
[marketifythemes.net/wp/cavani/01/project/page/2/index.html]
[www.pinterest.com/pin/create/button/index1199.html]
[www.pinterest.com/pin/create/button/android-app_/com.pinterest/pinterest/www.pinterest.com/pin/create/button/_media=&url=https_/marketifythemes.net/wp/cavani/01/a-final-farewell-to-the-ipo/3-1.12a.delaye]
[www.pinterest.com/pin/create/button/ios-app_/429047995/pinterest/add_pin/_method=button&image_url=&source_url=https_/marketifythemes.net/wp/cavani/01/dealing-with-spring-allergy-symptoms/&me/3.12b.delaye]
[www.pinterest.com/pin/create/button/ios-app_/429047995/pinterest/add_pin/_method=button&image_url=&source_url=https_/marketifythemes.net/wp/cavani/01/a-final-farewell-to-the-ipod/&media=ht/3-1.129.delaye]
[www.pinterest.com/pin/create/button/ios-app_/429047995/pinterest/add_pin/_method=button&image_url=&source_url=https_/marketifythemes.net/wp/cavani/01/reasons-why-people-use-discord/&media=ht/7.101.delaye]
[www.pinterest.com/pin/create/button/android-app_/com.pinterest/pinterest/www.pinterest.com/pin/create/button/_media=&url=https_/marketifythemes.net/wp/cavani/01/reasons-why-people-use-discor/7.102.delaye]
[www.pinterest.com/pin/create/button/ios-app_/429047995/pinterest/add_pin/_method=button&image_url=&source_url=https_/marketifythemes.net/wp/cavani/01/how-to-take-a-break-from-yourself/&med/4-1.125.delaye]
[www.pinterest.com/pin/create/button/android-app_/com.pinterest/pinterest/www.pinterest.com/pin/create/button/_media=&url=https_/marketifythemes.net/wp/cavani/01/how-to-take-a-break-from-yo/4-1.126.delaye]
[marketifythemes.net/wp/cavani/01/project/page/2/index.html]
[www.pinterest.com/pin/create/button/ios-app_/429047995/pinterest/add_pin/_method=button&image_url=&source_url=https_/marketifythemes.net/wp/cavani/01/why-we-should-read-fewer-books/&media=/2-1.127.delaye]
[www.pinterest.com/pin/create/button/android-app_/com.pinterest/pinterest/www.pinterest.com/pin/create/button/_media=&url=https_/marketifythemes.net/wp/cavani/01/why-we-should-read-fewer-bo/2-1.128.delaye]
[www.pinterest.com/pin/create/button/ios-app_/429047995/pinterest/add_pin/_method=button&image_url=&source_url=https_/marketifythemes.net/wp/cavani/01/a-final-farewell-to-the-ipod/&media=ht/3-1.129.delaye]
[www.pinterest.com/pin/create/button/android-app_/com.pinterest/pinterest/www.pinterest.com/pin/create/button/_media=&url=https_/marketifythemes.net/wp/cavani/01/a-final-farewell-to-the-ipo/3-1.12a.delaye]
[www.pinterest.com/pin/create/button/ios-app_/429047995/pinterest/add_pin/_method=button&image_url=&source_url=https_/marketifythemes.net/wp/cavani/01/dealing-with-spring-allergy-symptoms/&me/3.12b.delaye]
[www.pinterest.com/pin/create/button/android-app_/com.pinterest/pinterest/www.pinterest.com/pin/create/button/_media=&url=https_/marketifythemes.net/wp/cavani/01/dealing-with-spring-allergy-s/3.12c.delaye]
[www.pinterest.com/pin/create/button/android-app_/com.pinterest/pinterest/www.pinterest.com/pin/create/button/_media=&url=https_/marketifythemes.net/wp/cavani/01/dealing-with-spring-allergy-s/3.12c.delaye]
[www.pinterest.com/pin/create/button/ios-app_/429047995/pinterest/add_pin/_method=button&image_url=&source_url=https_/marketifythemes.net/wp/cavani/01/the-age-of-extinction-is-here-some-of-/5-1.12d.delaye]
[www.pinterest.com/pin/create/button/ios-app_/429047995/pinterest/add_pin/_method=button&image_url=&source_url=https_/marketifythemes.net/wp/cavani/01/the-age-of-extinction-is-here-some-of-/5-1.12d.delaye]
[www.pinterest.com/pin/create/button/android-app_/com.pinterest/pinterest/www.pinterest.com/pin/create/button/_media=&url=https_/marketifythemes.net/wp/cavani/01/the-age-of-extinction-is-he/5-1.12e.delaye]
[www.pinterest.com/pin/create/button/android-app_/com.pinterest/pinterest/www.pinterest.com/pin/create/button/_media=&url=https_/marketifythemes.net/wp/cavani/01/the-age-of-extinction-is-he/5-1.12e.delaye]
